#-----------------------------------------------------------
# Vivado v2019.1 (64-bit)
# SW Build 2552052 on Fri May 24 14:49:42 MDT 2019
# IP Build 2548770 on Fri May 24 18:01:18 MDT 2019
# Start of session at: Fri Jun 21 22:50:45 2024
# Process ID: 4108
# Current directory: D:/FPGA/verilog/adder_BCD
# Command line: vivado.exe -gui_launcher_event rodinguilauncherevent25012 D:\FPGA\verilog\adder_BCD\adder_BCD.xpr
# Log file: D:/FPGA/verilog/adder_BCD/vivado.log
# Journal file: D:/FPGA/verilog/adder_BCD\vivado.jou
#-----------------------------------------------------------
start_gui
open_project D:/FPGA/verilog/adder_BCD/adder_BCD.xpr
update_compile_order -fileset sources_1
open_hw
connect_hw_server
open_hw_target
set_property PROGRAM.FILE {D:/FPGA/verilog/adder_BCD/adder_BCD.runs/impl_1/add_BCD.bit} [get_hw_devices xc7a35t_0]
current_hw_device [get_hw_devices xc7a35t_0]
refresh_hw_device -update_hw_probes false [lindex [get_hw_devices xc7a35t_0] 0]
set_property PROBES.FILE {} [get_hw_devices xc7a35t_0]
set_property FULL_PROBES.FILE {} [get_hw_devices xc7a35t_0]
set_property PROGRAM.FILE {D:/FPGA/verilog/adder_BCD/adder_BCD.runs/impl_1/add_BCD.bit} [get_hw_devices xc7a35t_0]
program_hw_devices [get_hw_devices xc7a35t_0]
refresh_hw_device [lindex [get_hw_devices xc7a35t_0] 0]
